// Jest Snapshot v1, https://goo.gl/fbAQLP

exports[`MonthView component renders correctly for 2018-01-01 1`] = `
<div
  className="month-view"
>
  <div
    className="row"
  >
    <div
      className="cell"
    >
      <div>
        <p
          className="date"
        >
          1
        </p>
        <ul
          className="showings"
        />
      </div>
    </div>
    <div
      className="cell"
    >
      <div>
        <p
          className="date"
        >
          2
        </p>
        <ul
          className="showings"
        />
      </div>
    </div>
    <div
      className="cell"
    >
      <div>
        <p
          className="date"
        >
          3
        </p>
        <ul
          className="showings"
        />
      </div>
    </div>
    <div
      className="cell"
    >
      <div>
        <p
          className="date"
        >
          4
        </p>
        <ul
          className="showings"
        />
      </div>
    </div>
    <div
      className="cell"
    >
      <div>
        <p
          className="date"
        >
          5
        </p>
        <ul
          className="showings"
        />
      </div>
    </div>
    <div
      className="cell"
    >
      <div>
        <p
          className="date"
        >
          6
        </p>
        <ul
          className="showings"
        />
      </div>
    </div>
    <div
      className="cell"
    >
      <div>
        <p
          className="date"
        >
          7
        </p>
        <ul
          className="showings"
        />
      </div>
    </div>
  </div>
  <div
    className="row"
  >
    <div
      className="cell"
    >
      <div>
        <p
          className="date"
        >
          8
        </p>
        <ul
          className="showings"
        />
      </div>
    </div>
    <div
      className="cell"
    >
      <div>
        <p
          className="date"
        >
          9
        </p>
        <ul
          className="showings"
        />
      </div>
    </div>
    <div
      className="cell"
    >
      <div>
        <p
          className="date"
        >
          10
        </p>
        <ul
          className="showings"
        />
      </div>
    </div>
    <div
      className="cell"
    >
      <div>
        <p
          className="date"
        >
          11
        </p>
        <ul
          className="showings"
        />
      </div>
    </div>
    <div
      className="cell"
    >
      <div>
        <p
          className="date"
        >
          12
        </p>
        <ul
          className="showings"
        />
      </div>
    </div>
    <div
      className="cell"
    >
      <div>
        <p
          className="date"
        >
          13
        </p>
        <ul
          className="showings"
        />
      </div>
    </div>
    <div
      className="cell"
    >
      <div>
        <p
          className="date"
        >
          14
        </p>
        <ul
          className="showings"
        />
      </div>
    </div>
  </div>
  <div
    className="row"
  >
    <div
      className="cell"
    >
      <div>
        <p
          className="date"
        >
          15
        </p>
        <ul
          className="showings"
        />
      </div>
    </div>
    <div
      className="cell"
    >
      <div>
        <p
          className="date"
        >
          16
        </p>
        <ul
          className="showings"
        />
      </div>
    </div>
    <div
      className="cell"
    >
      <div>
        <p
          className="date"
        >
          17
        </p>
        <ul
          className="showings"
        />
      </div>
    </div>
    <div
      className="cell"
    >
      <div>
        <p
          className="date"
        >
          18
        </p>
        <ul
          className="showings"
        />
      </div>
    </div>
    <div
      className="cell"
    >
      <div>
        <p
          className="date"
        >
          19
        </p>
        <ul
          className="showings"
        />
      </div>
    </div>
    <div
      className="cell"
    >
      <div>
        <p
          className="date"
        >
          20
        </p>
        <ul
          className="showings"
        />
      </div>
    </div>
    <div
      className="cell"
    >
      <div>
        <p
          className="date"
        >
          21
        </p>
        <ul
          className="showings"
        />
      </div>
    </div>
  </div>
  <div
    className="row"
  >
    <div
      className="cell"
    >
      <div>
        <p
          className="date"
        >
          22
        </p>
        <ul
          className="showings"
        />
      </div>
    </div>
    <div
      className="cell"
    >
      <div>
        <p
          className="date"
        >
          23
        </p>
        <ul
          className="showings"
        />
      </div>
    </div>
    <div
      className="cell"
    >
      <div>
        <p
          className="date"
        >
          24
        </p>
        <ul
          className="showings"
        />
      </div>
    </div>
    <div
      className="cell"
    >
      <div>
        <p
          className="date"
        >
          25
        </p>
        <ul
          className="showings"
        />
      </div>
    </div>
    <div
      className="cell"
    >
      <div>
        <p
          className="date"
        >
          26
        </p>
        <ul
          className="showings"
        />
      </div>
    </div>
    <div
      className="cell"
    >
      <div>
        <p
          className="date"
        >
          27
        </p>
        <ul
          className="showings"
        />
      </div>
    </div>
    <div
      className="cell"
    >
      <div>
        <p
          className="date"
        >
          28
        </p>
        <ul
          className="showings"
        />
      </div>
    </div>
  </div>
  <div
    className="row"
  >
    <div
      className="cell"
    >
      <div>
        <p
          className="date"
        >
          29
        </p>
        <ul
          className="showings"
        />
      </div>
    </div>
    <div
      className="cell"
    >
      <div>
        <p
          className="date"
        >
          30
        </p>
        <ul
          className="showings"
        />
      </div>
    </div>
    <div
      className="cell"
    >
      <div>
        <p
          className="date"
        >
          31
        </p>
        <ul
          className="showings"
        />
      </div>
    </div>
    <div
      className="cell notDay"
    />
    <div
      className="cell notDay"
    />
    <div
      className="cell notDay"
    />
    <div
      className="cell notDay"
    />
  </div>
</div>
`;

exports[`MonthView component renders correctly for 2018-02-01 1`] = `
<div
  className="month-view"
>
  <div
    className="row"
  >
    <div
      className="cell notDay"
    />
    <div
      className="cell notDay"
    />
    <div
      className="cell notDay"
    />
    <div
      className="cell"
    >
      <div>
        <p
          className="date"
        >
          1
        </p>
        <ul
          className="showings"
        />
      </div>
    </div>
    <div
      className="cell"
    >
      <div>
        <p
          className="date"
        >
          2
        </p>
        <ul
          className="showings"
        />
      </div>
    </div>
    <div
      className="cell"
    >
      <div>
        <p
          className="date"
        >
          3
        </p>
        <ul
          className="showings"
        />
      </div>
    </div>
    <div
      className="cell"
    >
      <div>
        <p
          className="date"
        >
          4
        </p>
        <ul
          className="showings"
        />
      </div>
    </div>
  </div>
  <div
    className="row"
  >
    <div
      className="cell"
    >
      <div>
        <p
          className="date"
        >
          5
        </p>
        <ul
          className="showings"
        />
      </div>
    </div>
    <div
      className="cell"
    >
      <div>
        <p
          className="date"
        >
          6
        </p>
        <ul
          className="showings"
        />
      </div>
    </div>
    <div
      className="cell"
    >
      <div>
        <p
          className="date"
        >
          7
        </p>
        <ul
          className="showings"
        />
      </div>
    </div>
    <div
      className="cell"
    >
      <div>
        <p
          className="date"
        >
          8
        </p>
        <ul
          className="showings"
        />
      </div>
    </div>
    <div
      className="cell"
    >
      <div>
        <p
          className="date"
        >
          9
        </p>
        <ul
          className="showings"
        />
      </div>
    </div>
    <div
      className="cell"
    >
      <div>
        <p
          className="date"
        >
          10
        </p>
        <ul
          className="showings"
        />
      </div>
    </div>
    <div
      className="cell"
    >
      <div>
        <p
          className="date"
        >
          11
        </p>
        <ul
          className="showings"
        />
      </div>
    </div>
  </div>
  <div
    className="row"
  >
    <div
      className="cell"
    >
      <div>
        <p
          className="date"
        >
          12
        </p>
        <ul
          className="showings"
        />
      </div>
    </div>
    <div
      className="cell"
    >
      <div>
        <p
          className="date"
        >
          13
        </p>
        <ul
          className="showings"
        />
      </div>
    </div>
    <div
      className="cell"
    >
      <div>
        <p
          className="date"
        >
          14
        </p>
        <ul
          className="showings"
        />
      </div>
    </div>
    <div
      className="cell"
    >
      <div>
        <p
          className="date"
        >
          15
        </p>
        <ul
          className="showings"
        />
      </div>
    </div>
    <div
      className="cell"
    >
      <div>
        <p
          className="date"
        >
          16
        </p>
        <ul
          className="showings"
        />
      </div>
    </div>
    <div
      className="cell"
    >
      <div>
        <p
          className="date"
        >
          17
        </p>
        <ul
          className="showings"
        />
      </div>
    </div>
    <div
      className="cell"
    >
      <div>
        <p
          className="date"
        >
          18
        </p>
        <ul
          className="showings"
        />
      </div>
    </div>
  </div>
  <div
    className="row"
  >
    <div
      className="cell"
    >
      <div>
        <p
          className="date"
        >
          19
        </p>
        <ul
          className="showings"
        />
      </div>
    </div>
    <div
      className="cell"
    >
      <div>
        <p
          className="date"
        >
          20
        </p>
        <ul
          className="showings"
        />
      </div>
    </div>
    <div
      className="cell"
    >
      <div>
        <p
          className="date"
        >
          21
        </p>
        <ul
          className="showings"
        />
      </div>
    </div>
    <div
      className="cell"
    >
      <div>
        <p
          className="date"
        >
          22
        </p>
        <ul
          className="showings"
        />
      </div>
    </div>
    <div
      className="cell"
    >
      <div>
        <p
          className="date"
        >
          23
        </p>
        <ul
          className="showings"
        />
      </div>
    </div>
    <div
      className="cell"
    >
      <div>
        <p
          className="date"
        >
          24
        </p>
        <ul
          className="showings"
        />
      </div>
    </div>
    <div
      className="cell"
    >
      <div>
        <p
          className="date"
        >
          25
        </p>
        <ul
          className="showings"
        />
      </div>
    </div>
  </div>
  <div
    className="row"
  >
    <div
      className="cell"
    >
      <div>
        <p
          className="date"
        >
          26
        </p>
        <ul
          className="showings"
        />
      </div>
    </div>
    <div
      className="cell"
    >
      <div>
        <p
          className="date"
        >
          27
        </p>
        <ul
          className="showings"
        />
      </div>
    </div>
    <div
      className="cell"
    >
      <div>
        <p
          className="date"
        >
          28
        </p>
        <ul
          className="showings"
        />
      </div>
    </div>
    <div
      className="cell notDay"
    />
    <div
      className="cell notDay"
    />
    <div
      className="cell notDay"
    />
    <div
      className="cell notDay"
    />
  </div>
</div>
`;

exports[`MonthView component renders correctly for 2018-03-01 1`] = `
<div
  className="month-view"
>
  <div
    className="row"
  >
    <div
      className="cell notDay"
    />
    <div
      className="cell notDay"
    />
    <div
      className="cell notDay"
    />
    <div
      className="cell"
    >
      <div>
        <p
          className="date"
        >
          1
        </p>
        <ul
          className="showings"
        />
      </div>
    </div>
    <div
      className="cell"
    >
      <div>
        <p
          className="date"
        >
          2
        </p>
        <ul
          className="showings"
        />
      </div>
    </div>
    <div
      className="cell"
    >
      <div>
        <p
          className="date"
        >
          3
        </p>
        <ul
          className="showings"
        />
      </div>
    </div>
    <div
      className="cell"
    >
      <div>
        <p
          className="date"
        >
          4
        </p>
        <ul
          className="showings"
        />
      </div>
    </div>
  </div>
  <div
    className="row"
  >
    <div
      className="cell"
    >
      <div>
        <p
          className="date"
        >
          5
        </p>
        <ul
          className="showings"
        />
      </div>
    </div>
    <div
      className="cell"
    >
      <div>
        <p
          className="date"
        >
          6
        </p>
        <ul
          className="showings"
        />
      </div>
    </div>
    <div
      className="cell"
    >
      <div>
        <p
          className="date"
        >
          7
        </p>
        <ul
          className="showings"
        />
      </div>
    </div>
    <div
      className="cell"
    >
      <div>
        <p
          className="date"
        >
          8
        </p>
        <ul
          className="showings"
        />
      </div>
    </div>
    <div
      className="cell"
    >
      <div>
        <p
          className="date"
        >
          9
        </p>
        <ul
          className="showings"
        />
      </div>
    </div>
    <div
      className="cell"
    >
      <div>
        <p
          className="date"
        >
          10
        </p>
        <ul
          className="showings"
        />
      </div>
    </div>
    <div
      className="cell"
    >
      <div>
        <p
          className="date"
        >
          11
        </p>
        <ul
          className="showings"
        />
      </div>
    </div>
  </div>
  <div
    className="row"
  >
    <div
      className="cell"
    >
      <div>
        <p
          className="date"
        >
          12
        </p>
        <ul
          className="showings"
        />
      </div>
    </div>
    <div
      className="cell"
    >
      <div>
        <p
          className="date"
        >
          13
        </p>
        <ul
          className="showings"
        />
      </div>
    </div>
    <div
      className="cell"
    >
      <div>
        <p
          className="date"
        >
          14
        </p>
        <ul
          className="showings"
        />
      </div>
    </div>
    <div
      className="cell"
    >
      <div>
        <p
          className="date"
        >
          15
        </p>
        <ul
          className="showings"
        />
      </div>
    </div>
    <div
      className="cell"
    >
      <div>
        <p
          className="date"
        >
          16
        </p>
        <ul
          className="showings"
        />
      </div>
    </div>
    <div
      className="cell"
    >
      <div>
        <p
          className="date"
        >
          17
        </p>
        <ul
          className="showings"
        />
      </div>
    </div>
    <div
      className="cell"
    >
      <div>
        <p
          className="date"
        >
          18
        </p>
        <ul
          className="showings"
        />
      </div>
    </div>
  </div>
  <div
    className="row"
  >
    <div
      className="cell"
    >
      <div>
        <p
          className="date"
        >
          19
        </p>
        <ul
          className="showings"
        />
      </div>
    </div>
    <div
      className="cell"
    >
      <div>
        <p
          className="date"
        >
          20
        </p>
        <ul
          className="showings"
        />
      </div>
    </div>
    <div
      className="cell"
    >
      <div>
        <p
          className="date"
        >
          21
        </p>
        <ul
          className="showings"
        />
      </div>
    </div>
    <div
      className="cell"
    >
      <div>
        <p
          className="date"
        >
          22
        </p>
        <ul
          className="showings"
        />
      </div>
    </div>
    <div
      className="cell"
    >
      <div>
        <p
          className="date"
        >
          23
        </p>
        <ul
          className="showings"
        />
      </div>
    </div>
    <div
      className="cell"
    >
      <div>
        <p
          className="date"
        >
          24
        </p>
        <ul
          className="showings"
        />
      </div>
    </div>
    <div
      className="cell"
    >
      <div>
        <p
          className="date"
        >
          25
        </p>
        <ul
          className="showings"
        />
      </div>
    </div>
  </div>
  <div
    className="row"
  >
    <div
      className="cell"
    >
      <div>
        <p
          className="date"
        >
          26
        </p>
        <ul
          className="showings"
        />
      </div>
    </div>
    <div
      className="cell"
    >
      <div>
        <p
          className="date"
        >
          27
        </p>
        <ul
          className="showings"
        />
      </div>
    </div>
    <div
      className="cell"
    >
      <div>
        <p
          className="date"
        >
          28
        </p>
        <ul
          className="showings"
        />
      </div>
    </div>
    <div
      className="cell"
    >
      <div>
        <p
          className="date"
        >
          29
        </p>
        <ul
          className="showings"
        />
      </div>
    </div>
    <div
      className="cell"
    >
      <div>
        <p
          className="date"
        >
          30
        </p>
        <ul
          className="showings"
        />
      </div>
    </div>
    <div
      className="cell"
    >
      <div>
        <p
          className="date"
        >
          31
        </p>
        <ul
          className="showings"
        />
      </div>
    </div>
    <div
      className="cell notDay"
    />
  </div>
</div>
`;

exports[`MonthView component renders correctly for 2018-04-01 1`] = `
<div
  className="month-view"
>
  <div
    className="row"
  >
    <div
      className="cell notDay"
    />
    <div
      className="cell notDay"
    />
    <div
      className="cell notDay"
    />
    <div
      className="cell notDay"
    />
    <div
      className="cell notDay"
    />
    <div
      className="cell notDay"
    />
    <div
      className="cell"
    >
      <div>
        <p
          className="date"
        >
          1
        </p>
        <ul
          className="showings"
        />
      </div>
    </div>
  </div>
  <div
    className="row"
  >
    <div
      className="cell"
    >
      <div>
        <p
          className="date"
        >
          2
        </p>
        <ul
          className="showings"
        />
      </div>
    </div>
    <div
      className="cell"
    >
      <div>
        <p
          className="date"
        >
          3
        </p>
        <ul
          className="showings"
        />
      </div>
    </div>
    <div
      className="cell"
    >
      <div>
        <p
          className="date"
        >
          4
        </p>
        <ul
          className="showings"
        />
      </div>
    </div>
    <div
      className="cell"
    >
      <div>
        <p
          className="date"
        >
          5
        </p>
        <ul
          className="showings"
        />
      </div>
    </div>
    <div
      className="cell"
    >
      <div>
        <p
          className="date"
        >
          6
        </p>
        <ul
          className="showings"
        />
      </div>
    </div>
    <div
      className="cell"
    >
      <div>
        <p
          className="date"
        >
          7
        </p>
        <ul
          className="showings"
        />
      </div>
    </div>
    <div
      className="cell"
    >
      <div>
        <p
          className="date"
        >
          8
        </p>
        <ul
          className="showings"
        />
      </div>
    </div>
  </div>
  <div
    className="row"
  >
    <div
      className="cell"
    >
      <div>
        <p
          className="date"
        >
          9
        </p>
        <ul
          className="showings"
        />
      </div>
    </div>
    <div
      className="cell"
    >
      <div>
        <p
          className="date"
        >
          10
        </p>
        <ul
          className="showings"
        />
      </div>
    </div>
    <div
      className="cell"
    >
      <div>
        <p
          className="date"
        >
          11
        </p>
        <ul
          className="showings"
        />
      </div>
    </div>
    <div
      className="cell"
    >
      <div>
        <p
          className="date"
        >
          12
        </p>
        <ul
          className="showings"
        />
      </div>
    </div>
    <div
      className="cell"
    >
      <div>
        <p
          className="date"
        >
          13
        </p>
        <ul
          className="showings"
        />
      </div>
    </div>
    <div
      className="cell"
    >
      <div>
        <p
          className="date"
        >
          14
        </p>
        <ul
          className="showings"
        />
      </div>
    </div>
    <div
      className="cell"
    >
      <div>
        <p
          className="date"
        >
          15
        </p>
        <ul
          className="showings"
        />
      </div>
    </div>
  </div>
  <div
    className="row"
  >
    <div
      className="cell"
    >
      <div>
        <p
          className="date"
        >
          16
        </p>
        <ul
          className="showings"
        />
      </div>
    </div>
    <div
      className="cell"
    >
      <div>
        <p
          className="date"
        >
          17
        </p>
        <ul
          className="showings"
        />
      </div>
    </div>
    <div
      className="cell"
    >
      <div>
        <p
          className="date"
        >
          18
        </p>
        <ul
          className="showings"
        />
      </div>
    </div>
    <div
      className="cell"
    >
      <div>
        <p
          className="date"
        >
          19
        </p>
        <ul
          className="showings"
        />
      </div>
    </div>
    <div
      className="cell"
    >
      <div>
        <p
          className="date"
        >
          20
        </p>
        <ul
          className="showings"
        />
      </div>
    </div>
    <div
      className="cell"
    >
      <div>
        <p
          className="date"
        >
          21
        </p>
        <ul
          className="showings"
        />
      </div>
    </div>
    <div
      className="cell"
    >
      <div>
        <p
          className="date"
        >
          22
        </p>
        <ul
          className="showings"
        />
      </div>
    </div>
  </div>
  <div
    className="row"
  >
    <div
      className="cell"
    >
      <div>
        <p
          className="date"
        >
          23
        </p>
        <ul
          className="showings"
        />
      </div>
    </div>
    <div
      className="cell"
    >
      <div>
        <p
          className="date"
        >
          24
        </p>
        <ul
          className="showings"
        />
      </div>
    </div>
    <div
      className="cell"
    >
      <div>
        <p
          className="date"
        >
          25
        </p>
        <ul
          className="showings"
        />
      </div>
    </div>
    <div
      className="cell"
    >
      <div>
        <p
          className="date"
        >
          26
        </p>
        <ul
          className="showings"
        />
      </div>
    </div>
    <div
      className="cell"
    >
      <div>
        <p
          className="date"
        >
          27
        </p>
        <ul
          className="showings"
        />
      </div>
    </div>
    <div
      className="cell"
    >
      <div>
        <p
          className="date"
        >
          28
        </p>
        <ul
          className="showings"
        />
      </div>
    </div>
    <div
      className="cell"
    >
      <div>
        <p
          className="date"
        >
          29
        </p>
        <ul
          className="showings"
        />
      </div>
    </div>
  </div>
  <div
    className="row"
  >
    <div
      className="cell"
    >
      <div>
        <p
          className="date"
        >
          30
        </p>
        <ul
          className="showings"
        />
      </div>
    </div>
    <div
      className="cell notDay"
    />
    <div
      className="cell notDay"
    />
    <div
      className="cell notDay"
    />
    <div
      className="cell notDay"
    />
    <div
      className="cell notDay"
    />
    <div
      className="cell notDay"
    />
  </div>
</div>
`;

exports[`MonthView component renders correctly for 2018-05-01 1`] = `
<div
  className="month-view"
>
  <div
    className="row"
  >
    <div
      className="cell notDay"
    />
    <div
      className="cell"
    >
      <div>
        <p
          className="date"
        >
          1
        </p>
        <ul
          className="showings"
        />
      </div>
    </div>
    <div
      className="cell"
    >
      <div>
        <p
          className="date"
        >
          2
        </p>
        <ul
          className="showings"
        />
      </div>
    </div>
    <div
      className="cell"
    >
      <div>
        <p
          className="date"
        >
          3
        </p>
        <ul
          className="showings"
        />
      </div>
    </div>
    <div
      className="cell"
    >
      <div>
        <p
          className="date"
        >
          4
        </p>
        <ul
          className="showings"
        />
      </div>
    </div>
    <div
      className="cell"
    >
      <div>
        <p
          className="date"
        >
          5
        </p>
        <ul
          className="showings"
        />
      </div>
    </div>
    <div
      className="cell"
    >
      <div>
        <p
          className="date"
        >
          6
        </p>
        <ul
          className="showings"
        />
      </div>
    </div>
  </div>
  <div
    className="row"
  >
    <div
      className="cell"
    >
      <div>
        <p
          className="date"
        >
          7
        </p>
        <ul
          className="showings"
        />
      </div>
    </div>
    <div
      className="cell"
    >
      <div>
        <p
          className="date"
        >
          8
        </p>
        <ul
          className="showings"
        />
      </div>
    </div>
    <div
      className="cell"
    >
      <div>
        <p
          className="date"
        >
          9
        </p>
        <ul
          className="showings"
        />
      </div>
    </div>
    <div
      className="cell"
    >
      <div>
        <p
          className="date"
        >
          10
        </p>
        <ul
          className="showings"
        />
      </div>
    </div>
    <div
      className="cell"
    >
      <div>
        <p
          className="date"
        >
          11
        </p>
        <ul
          className="showings"
        />
      </div>
    </div>
    <div
      className="cell"
    >
      <div>
        <p
          className="date"
        >
          12
        </p>
        <ul
          className="showings"
        />
      </div>
    </div>
    <div
      className="cell"
    >
      <div>
        <p
          className="date"
        >
          13
        </p>
        <ul
          className="showings"
        />
      </div>
    </div>
  </div>
  <div
    className="row"
  >
    <div
      className="cell"
    >
      <div>
        <p
          className="date"
        >
          14
        </p>
        <ul
          className="showings"
        />
      </div>
    </div>
    <div
      className="cell"
    >
      <div>
        <p
          className="date"
        >
          15
        </p>
        <ul
          className="showings"
        />
      </div>
    </div>
    <div
      className="cell"
    >
      <div>
        <p
          className="date"
        >
          16
        </p>
        <ul
          className="showings"
        />
      </div>
    </div>
    <div
      className="cell"
    >
      <div>
        <p
          className="date"
        >
          17
        </p>
        <ul
          className="showings"
        />
      </div>
    </div>
    <div
      className="cell"
    >
      <div>
        <p
          className="date"
        >
          18
        </p>
        <ul
          className="showings"
        />
      </div>
    </div>
    <div
      className="cell"
    >
      <div>
        <p
          className="date"
        >
          19
        </p>
        <ul
          className="showings"
        />
      </div>
    </div>
    <div
      className="cell"
    >
      <div>
        <p
          className="date"
        >
          20
        </p>
        <ul
          className="showings"
        />
      </div>
    </div>
  </div>
  <div
    className="row"
  >
    <div
      className="cell"
    >
      <div>
        <p
          className="date"
        >
          21
        </p>
        <ul
          className="showings"
        />
      </div>
    </div>
    <div
      className="cell"
    >
      <div>
        <p
          className="date"
        >
          22
        </p>
        <ul
          className="showings"
        />
      </div>
    </div>
    <div
      className="cell"
    >
      <div>
        <p
          className="date"
        >
          23
        </p>
        <ul
          className="showings"
        />
      </div>
    </div>
    <div
      className="cell"
    >
      <div>
        <p
          className="date"
        >
          24
        </p>
        <ul
          className="showings"
        />
      </div>
    </div>
    <div
      className="cell"
    >
      <div>
        <p
          className="date"
        >
          25
        </p>
        <ul
          className="showings"
        />
      </div>
    </div>
    <div
      className="cell"
    >
      <div>
        <p
          className="date"
        >
          26
        </p>
        <ul
          className="showings"
        />
      </div>
    </div>
    <div
      className="cell"
    >
      <div>
        <p
          className="date"
        >
          27
        </p>
        <ul
          className="showings"
        />
      </div>
    </div>
  </div>
  <div
    className="row"
  >
    <div
      className="cell"
    >
      <div>
        <p
          className="date"
        >
          28
        </p>
        <ul
          className="showings"
        />
      </div>
    </div>
    <div
      className="cell"
    >
      <div>
        <p
          className="date"
        >
          29
        </p>
        <ul
          className="showings"
        />
      </div>
    </div>
    <div
      className="cell"
    >
      <div>
        <p
          className="date"
        >
          30
        </p>
        <ul
          className="showings"
        />
      </div>
    </div>
    <div
      className="cell"
    >
      <div>
        <p
          className="date"
        >
          31
        </p>
        <ul
          className="showings"
        />
      </div>
    </div>
    <div
      className="cell notDay"
    />
    <div
      className="cell notDay"
    />
    <div
      className="cell notDay"
    />
  </div>
</div>
`;

exports[`MonthView component renders correctly for 2018-06-01 1`] = `
<div
  className="month-view"
>
  <div
    className="row"
  >
    <div
      className="cell notDay"
    />
    <div
      className="cell notDay"
    />
    <div
      className="cell notDay"
    />
    <div
      className="cell notDay"
    />
    <div
      className="cell"
    >
      <div>
        <p
          className="date"
        >
          1
        </p>
        <ul
          className="showings"
        />
      </div>
    </div>
    <div
      className="cell"
    >
      <div>
        <p
          className="date"
        >
          2
        </p>
        <ul
          className="showings"
        />
      </div>
    </div>
    <div
      className="cell"
    >
      <div>
        <p
          className="date"
        >
          3
        </p>
        <ul
          className="showings"
        />
      </div>
    </div>
  </div>
  <div
    className="row"
  >
    <div
      className="cell"
    >
      <div>
        <p
          className="date"
        >
          4
        </p>
        <ul
          className="showings"
        />
      </div>
    </div>
    <div
      className="cell"
    >
      <div>
        <p
          className="date"
        >
          5
        </p>
        <ul
          className="showings"
        />
      </div>
    </div>
    <div
      className="cell"
    >
      <div>
        <p
          className="date"
        >
          6
        </p>
        <ul
          className="showings"
        />
      </div>
    </div>
    <div
      className="cell"
    >
      <div>
        <p
          className="date"
        >
          7
        </p>
        <ul
          className="showings"
        />
      </div>
    </div>
    <div
      className="cell"
    >
      <div>
        <p
          className="date"
        >
          8
        </p>
        <ul
          className="showings"
        />
      </div>
    </div>
    <div
      className="cell"
    >
      <div>
        <p
          className="date"
        >
          9
        </p>
        <ul
          className="showings"
        />
      </div>
    </div>
    <div
      className="cell"
    >
      <div>
        <p
          className="date"
        >
          10
        </p>
        <ul
          className="showings"
        />
      </div>
    </div>
  </div>
  <div
    className="row"
  >
    <div
      className="cell"
    >
      <div>
        <p
          className="date"
        >
          11
        </p>
        <ul
          className="showings"
        />
      </div>
    </div>
    <div
      className="cell"
    >
      <div>
        <p
          className="date"
        >
          12
        </p>
        <ul
          className="showings"
        />
      </div>
    </div>
    <div
      className="cell"
    >
      <div>
        <p
          className="date"
        >
          13
        </p>
        <ul
          className="showings"
        />
      </div>
    </div>
    <div
      className="cell"
    >
      <div>
        <p
          className="date"
        >
          14
        </p>
        <ul
          className="showings"
        />
      </div>
    </div>
    <div
      className="cell"
    >
      <div>
        <p
          className="date"
        >
          15
        </p>
        <ul
          className="showings"
        />
      </div>
    </div>
    <div
      className="cell"
    >
      <div>
        <p
          className="date"
        >
          16
        </p>
        <ul
          className="showings"
        />
      </div>
    </div>
    <div
      className="cell"
    >
      <div>
        <p
          className="date"
        >
          17
        </p>
        <ul
          className="showings"
        />
      </div>
    </div>
  </div>
  <div
    className="row"
  >
    <div
      className="cell"
    >
      <div>
        <p
          className="date"
        >
          18
        </p>
        <ul
          className="showings"
        />
      </div>
    </div>
    <div
      className="cell"
    >
      <div>
        <p
          className="date"
        >
          19
        </p>
        <ul
          className="showings"
        />
      </div>
    </div>
    <div
      className="cell"
    >
      <div>
        <p
          className="date"
        >
          20
        </p>
        <ul
          className="showings"
        />
      </div>
    </div>
    <div
      className="cell"
    >
      <div>
        <p
          className="date"
        >
          21
        </p>
        <ul
          className="showings"
        />
      </div>
    </div>
    <div
      className="cell"
    >
      <div>
        <p
          className="date"
        >
          22
        </p>
        <ul
          className="showings"
        />
      </div>
    </div>
    <div
      className="cell"
    >
      <div>
        <p
          className="date"
        >
          23
        </p>
        <ul
          className="showings"
        />
      </div>
    </div>
    <div
      className="cell"
    >
      <div>
        <p
          className="date"
        >
          24
        </p>
        <ul
          className="showings"
        />
      </div>
    </div>
  </div>
  <div
    className="row"
  >
    <div
      className="cell"
    >
      <div>
        <p
          className="date"
        >
          25
        </p>
        <ul
          className="showings"
        />
      </div>
    </div>
    <div
      className="cell"
    >
      <div>
        <p
          className="date"
        >
          26
        </p>
        <ul
          className="showings"
        />
      </div>
    </div>
    <div
      className="cell"
    >
      <div>
        <p
          className="date"
        >
          27
        </p>
        <ul
          className="showings"
        />
      </div>
    </div>
    <div
      className="cell"
    >
      <div>
        <p
          className="date"
        >
          28
        </p>
        <ul
          className="showings"
        />
      </div>
    </div>
    <div
      className="cell"
    >
      <div>
        <p
          className="date"
        >
          29
        </p>
        <ul
          className="showings"
        />
      </div>
    </div>
    <div
      className="cell"
    >
      <div>
        <p
          className="date"
        >
          30
        </p>
        <ul
          className="showings"
        />
      </div>
    </div>
    <div
      className="cell notDay"
    />
  </div>
</div>
`;

exports[`MonthView component renders correctly for 2018-06-01 2`] = `
<div
  className="month-view"
>
  <div
    className="row"
  >
    <div
      className="cell notDay"
    />
    <div
      className="cell notDay"
    />
    <div
      className="cell notDay"
    />
    <div
      className="cell notDay"
    />
    <div
      className="cell"
    >
      <div>
        <p
          className="date"
        >
          1
        </p>
        <ul
          className="showings"
        />
      </div>
    </div>
    <div
      className="cell"
    >
      <div>
        <p
          className="date"
        >
          2
        </p>
        <ul
          className="showings"
        />
      </div>
    </div>
    <div
      className="cell"
    >
      <div>
        <p
          className="date"
        >
          3
        </p>
        <ul
          className="showings"
        />
      </div>
    </div>
  </div>
  <div
    className="row"
  >
    <div
      className="cell"
    >
      <div>
        <p
          className="date"
        >
          4
        </p>
        <ul
          className="showings"
        />
      </div>
    </div>
    <div
      className="cell"
    >
      <div>
        <p
          className="date"
        >
          5
        </p>
        <ul
          className="showings"
        />
      </div>
    </div>
    <div
      className="cell"
    >
      <div>
        <p
          className="date"
        >
          6
        </p>
        <ul
          className="showings"
        />
      </div>
    </div>
    <div
      className="cell"
    >
      <div>
        <p
          className="date"
        >
          7
        </p>
        <ul
          className="showings"
        />
      </div>
    </div>
    <div
      className="cell"
    >
      <div>
        <p
          className="date"
        >
          8
        </p>
        <ul
          className="showings"
        />
      </div>
    </div>
    <div
      className="cell"
    >
      <div>
        <p
          className="date"
        >
          9
        </p>
        <ul
          className="showings"
        />
      </div>
    </div>
    <div
      className="cell"
    >
      <div>
        <p
          className="date"
        >
          10
        </p>
        <ul
          className="showings"
        />
      </div>
    </div>
  </div>
  <div
    className="row"
  >
    <div
      className="cell"
    >
      <div>
        <p
          className="date"
        >
          11
        </p>
        <ul
          className="showings"
        />
      </div>
    </div>
    <div
      className="cell"
    >
      <div>
        <p
          className="date"
        >
          12
        </p>
        <ul
          className="showings"
        />
      </div>
    </div>
    <div
      className="cell"
    >
      <div>
        <p
          className="date"
        >
          13
        </p>
        <ul
          className="showings"
        />
      </div>
    </div>
    <div
      className="cell"
    >
      <div>
        <p
          className="date"
        >
          14
        </p>
        <ul
          className="showings"
        />
      </div>
    </div>
    <div
      className="cell"
    >
      <div>
        <p
          className="date"
        >
          15
        </p>
        <ul
          className="showings"
        />
      </div>
    </div>
    <div
      className="cell"
    >
      <div>
        <p
          className="date"
        >
          16
        </p>
        <ul
          className="showings"
        />
      </div>
    </div>
    <div
      className="cell"
    >
      <div>
        <p
          className="date"
        >
          17
        </p>
        <ul
          className="showings"
        />
      </div>
    </div>
  </div>
  <div
    className="row"
  >
    <div
      className="cell"
    >
      <div>
        <p
          className="date"
        >
          18
        </p>
        <ul
          className="showings"
        />
      </div>
    </div>
    <div
      className="cell"
    >
      <div>
        <p
          className="date"
        >
          19
        </p>
        <ul
          className="showings"
        />
      </div>
    </div>
    <div
      className="cell"
    >
      <div>
        <p
          className="date"
        >
          20
        </p>
        <ul
          className="showings"
        />
      </div>
    </div>
    <div
      className="cell"
    >
      <div>
        <p
          className="date"
        >
          21
        </p>
        <ul
          className="showings"
        />
      </div>
    </div>
    <div
      className="cell"
    >
      <div>
        <p
          className="date"
        >
          22
        </p>
        <ul
          className="showings"
        />
      </div>
    </div>
    <div
      className="cell"
    >
      <div>
        <p
          className="date"
        >
          23
        </p>
        <ul
          className="showings"
        />
      </div>
    </div>
    <div
      className="cell"
    >
      <div>
        <p
          className="date"
        >
          24
        </p>
        <ul
          className="showings"
        />
      </div>
    </div>
  </div>
  <div
    className="row"
  >
    <div
      className="cell"
    >
      <div>
        <p
          className="date"
        >
          25
        </p>
        <ul
          className="showings"
        />
      </div>
    </div>
    <div
      className="cell"
    >
      <div>
        <p
          className="date"
        >
          26
        </p>
        <ul
          className="showings"
        />
      </div>
    </div>
    <div
      className="cell"
    >
      <div>
        <p
          className="date"
        >
          27
        </p>
        <ul
          className="showings"
        />
      </div>
    </div>
    <div
      className="cell"
    >
      <div>
        <p
          className="date"
        >
          28
        </p>
        <ul
          className="showings"
        />
      </div>
    </div>
    <div
      className="cell"
    >
      <div>
        <p
          className="date"
        >
          29
        </p>
        <ul
          className="showings"
        />
      </div>
    </div>
    <div
      className="cell"
    >
      <div>
        <p
          className="date"
        >
          30
        </p>
        <ul
          className="showings"
        />
      </div>
    </div>
    <div
      className="cell notDay"
    />
  </div>
</div>
`;

exports[`MonthView component renders correctly for 2018-07-01 1`] = `
<div
  className="month-view"
>
  <div
    className="row"
  >
    <div
      className="cell notDay"
    />
    <div
      className="cell notDay"
    />
    <div
      className="cell notDay"
    />
    <div
      className="cell notDay"
    />
    <div
      className="cell notDay"
    />
    <div
      className="cell notDay"
    />
    <div
      className="cell"
    >
      <div>
        <p
          className="date"
        >
          1
        </p>
        <ul
          className="showings"
        />
      </div>
    </div>
  </div>
  <div
    className="row"
  >
    <div
      className="cell"
    >
      <div>
        <p
          className="date"
        >
          2
        </p>
        <ul
          className="showings"
        />
      </div>
    </div>
    <div
      className="cell"
    >
      <div>
        <p
          className="date"
        >
          3
        </p>
        <ul
          className="showings"
        />
      </div>
    </div>
    <div
      className="cell"
    >
      <div>
        <p
          className="date"
        >
          4
        </p>
        <ul
          className="showings"
        />
      </div>
    </div>
    <div
      className="cell"
    >
      <div>
        <p
          className="date"
        >
          5
        </p>
        <ul
          className="showings"
        />
      </div>
    </div>
    <div
      className="cell"
    >
      <div>
        <p
          className="date"
        >
          6
        </p>
        <ul
          className="showings"
        />
      </div>
    </div>
    <div
      className="cell"
    >
      <div>
        <p
          className="date"
        >
          7
        </p>
        <ul
          className="showings"
        />
      </div>
    </div>
    <div
      className="cell"
    >
      <div>
        <p
          className="date"
        >
          8
        </p>
        <ul
          className="showings"
        />
      </div>
    </div>
  </div>
  <div
    className="row"
  >
    <div
      className="cell"
    >
      <div>
        <p
          className="date"
        >
          9
        </p>
        <ul
          className="showings"
        />
      </div>
    </div>
    <div
      className="cell"
    >
      <div>
        <p
          className="date"
        >
          10
        </p>
        <ul
          className="showings"
        />
      </div>
    </div>
    <div
      className="cell"
    >
      <div>
        <p
          className="date"
        >
          11
        </p>
        <ul
          className="showings"
        />
      </div>
    </div>
    <div
      className="cell"
    >
      <div>
        <p
          className="date"
        >
          12
        </p>
        <ul
          className="showings"
        />
      </div>
    </div>
    <div
      className="cell"
    >
      <div>
        <p
          className="date"
        >
          13
        </p>
        <ul
          className="showings"
        />
      </div>
    </div>
    <div
      className="cell"
    >
      <div>
        <p
          className="date"
        >
          14
        </p>
        <ul
          className="showings"
        />
      </div>
    </div>
    <div
      className="cell"
    >
      <div>
        <p
          className="date"
        >
          15
        </p>
        <ul
          className="showings"
        />
      </div>
    </div>
  </div>
  <div
    className="row"
  >
    <div
      className="cell"
    >
      <div>
        <p
          className="date"
        >
          16
        </p>
        <ul
          className="showings"
        />
      </div>
    </div>
    <div
      className="cell"
    >
      <div>
        <p
          className="date"
        >
          17
        </p>
        <ul
          className="showings"
        />
      </div>
    </div>
    <div
      className="cell"
    >
      <div>
        <p
          className="date"
        >
          18
        </p>
        <ul
          className="showings"
        />
      </div>
    </div>
    <div
      className="cell"
    >
      <div>
        <p
          className="date"
        >
          19
        </p>
        <ul
          className="showings"
        />
      </div>
    </div>
    <div
      className="cell"
    >
      <div>
        <p
          className="date"
        >
          20
        </p>
        <ul
          className="showings"
        />
      </div>
    </div>
    <div
      className="cell"
    >
      <div>
        <p
          className="date"
        >
          21
        </p>
        <ul
          className="showings"
        />
      </div>
    </div>
    <div
      className="cell"
    >
      <div>
        <p
          className="date"
        >
          22
        </p>
        <ul
          className="showings"
        />
      </div>
    </div>
  </div>
  <div
    className="row"
  >
    <div
      className="cell"
    >
      <div>
        <p
          className="date"
        >
          23
        </p>
        <ul
          className="showings"
        />
      </div>
    </div>
    <div
      className="cell"
    >
      <div>
        <p
          className="date"
        >
          24
        </p>
        <ul
          className="showings"
        />
      </div>
    </div>
    <div
      className="cell"
    >
      <div>
        <p
          className="date"
        >
          25
        </p>
        <ul
          className="showings"
        />
      </div>
    </div>
    <div
      className="cell"
    >
      <div>
        <p
          className="date"
        >
          26
        </p>
        <ul
          className="showings"
        />
      </div>
    </div>
    <div
      className="cell"
    >
      <div>
        <p
          className="date"
        >
          27
        </p>
        <ul
          className="showings"
        />
      </div>
    </div>
    <div
      className="cell"
    >
      <div>
        <p
          className="date"
        >
          28
        </p>
        <ul
          className="showings"
        />
      </div>
    </div>
    <div
      className="cell"
    >
      <div>
        <p
          className="date"
        >
          29
        </p>
        <ul
          className="showings"
        />
      </div>
    </div>
  </div>
  <div
    className="row"
  >
    <div
      className="cell"
    >
      <div>
        <p
          className="date"
        >
          30
        </p>
        <ul
          className="showings"
        />
      </div>
    </div>
    <div
      className="cell"
    >
      <div>
        <p
          className="date"
        >
          31
        </p>
        <ul
          className="showings"
        />
      </div>
    </div>
    <div
      className="cell notDay"
    />
    <div
      className="cell notDay"
    />
    <div
      className="cell notDay"
    />
    <div
      className="cell notDay"
    />
    <div
      className="cell notDay"
    />
  </div>
</div>
`;

exports[`MonthView component renders correctly for 2018-08-01 1`] = `
<div
  className="month-view"
>
  <div
    className="row"
  >
    <div
      className="cell notDay"
    />
    <div
      className="cell notDay"
    />
    <div
      className="cell"
    >
      <div>
        <p
          className="date"
        >
          1
        </p>
        <ul
          className="showings"
        />
      </div>
    </div>
    <div
      className="cell"
    >
      <div>
        <p
          className="date"
        >
          2
        </p>
        <ul
          className="showings"
        />
      </div>
    </div>
    <div
      className="cell"
    >
      <div>
        <p
          className="date"
        >
          3
        </p>
        <ul
          className="showings"
        />
      </div>
    </div>
    <div
      className="cell"
    >
      <div>
        <p
          className="date"
        >
          4
        </p>
        <ul
          className="showings"
        />
      </div>
    </div>
    <div
      className="cell"
    >
      <div>
        <p
          className="date"
        >
          5
        </p>
        <ul
          className="showings"
        />
      </div>
    </div>
  </div>
  <div
    className="row"
  >
    <div
      className="cell"
    >
      <div>
        <p
          className="date"
        >
          6
        </p>
        <ul
          className="showings"
        />
      </div>
    </div>
    <div
      className="cell"
    >
      <div>
        <p
          className="date"
        >
          7
        </p>
        <ul
          className="showings"
        />
      </div>
    </div>
    <div
      className="cell"
    >
      <div>
        <p
          className="date"
        >
          8
        </p>
        <ul
          className="showings"
        />
      </div>
    </div>
    <div
      className="cell"
    >
      <div>
        <p
          className="date"
        >
          9
        </p>
        <ul
          className="showings"
        />
      </div>
    </div>
    <div
      className="cell"
    >
      <div>
        <p
          className="date"
        >
          10
        </p>
        <ul
          className="showings"
        />
      </div>
    </div>
    <div
      className="cell"
    >
      <div>
        <p
          className="date"
        >
          11
        </p>
        <ul
          className="showings"
        />
      </div>
    </div>
    <div
      className="cell"
    >
      <div>
        <p
          className="date"
        >
          12
        </p>
        <ul
          className="showings"
        />
      </div>
    </div>
  </div>
  <div
    className="row"
  >
    <div
      className="cell"
    >
      <div>
        <p
          className="date"
        >
          13
        </p>
        <ul
          className="showings"
        />
      </div>
    </div>
    <div
      className="cell"
    >
      <div>
        <p
          className="date"
        >
          14
        </p>
        <ul
          className="showings"
        />
      </div>
    </div>
    <div
      className="cell"
    >
      <div>
        <p
          className="date"
        >
          15
        </p>
        <ul
          className="showings"
        />
      </div>
    </div>
    <div
      className="cell"
    >
      <div>
        <p
          className="date"
        >
          16
        </p>
        <ul
          className="showings"
        />
      </div>
    </div>
    <div
      className="cell"
    >
      <div>
        <p
          className="date"
        >
          17
        </p>
        <ul
          className="showings"
        />
      </div>
    </div>
    <div
      className="cell"
    >
      <div>
        <p
          className="date"
        >
          18
        </p>
        <ul
          className="showings"
        />
      </div>
    </div>
    <div
      className="cell"
    >
      <div>
        <p
          className="date"
        >
          19
        </p>
        <ul
          className="showings"
        />
      </div>
    </div>
  </div>
  <div
    className="row"
  >
    <div
      className="cell"
    >
      <div>
        <p
          className="date"
        >
          20
        </p>
        <ul
          className="showings"
        />
      </div>
    </div>
    <div
      className="cell"
    >
      <div>
        <p
          className="date"
        >
          21
        </p>
        <ul
          className="showings"
        />
      </div>
    </div>
    <div
      className="cell"
    >
      <div>
        <p
          className="date"
        >
          22
        </p>
        <ul
          className="showings"
        />
      </div>
    </div>
    <div
      className="cell"
    >
      <div>
        <p
          className="date"
        >
          23
        </p>
        <ul
          className="showings"
        />
      </div>
    </div>
    <div
      className="cell"
    >
      <div>
        <p
          className="date"
        >
          24
        </p>
        <ul
          className="showings"
        />
      </div>
    </div>
    <div
      className="cell"
    >
      <div>
        <p
          className="date"
        >
          25
        </p>
        <ul
          className="showings"
        />
      </div>
    </div>
    <div
      className="cell"
    >
      <div>
        <p
          className="date"
        >
          26
        </p>
        <ul
          className="showings"
        />
      </div>
    </div>
  </div>
  <div
    className="row"
  >
    <div
      className="cell"
    >
      <div>
        <p
          className="date"
        >
          27
        </p>
        <ul
          className="showings"
        />
      </div>
    </div>
    <div
      className="cell"
    >
      <div>
        <p
          className="date"
        >
          28
        </p>
        <ul
          className="showings"
        />
      </div>
    </div>
    <div
      className="cell"
    >
      <div>
        <p
          className="date"
        >
          29
        </p>
        <ul
          className="showings"
        />
      </div>
    </div>
    <div
      className="cell"
    >
      <div>
        <p
          className="date"
        >
          30
        </p>
        <ul
          className="showings"
        />
      </div>
    </div>
    <div
      className="cell"
    >
      <div>
        <p
          className="date"
        >
          31
        </p>
        <ul
          className="showings"
        />
      </div>
    </div>
    <div
      className="cell notDay"
    />
    <div
      className="cell notDay"
    />
  </div>
</div>
`;

exports[`MonthView component renders correctly for 2018-09-01 1`] = `
<div
  className="month-view"
>
  <div
    className="row"
  >
    <div
      className="cell notDay"
    />
    <div
      className="cell notDay"
    />
    <div
      className="cell notDay"
    />
    <div
      className="cell notDay"
    />
    <div
      className="cell notDay"
    />
    <div
      className="cell"
    >
      <div>
        <p
          className="date"
        >
          1
        </p>
        <ul
          className="showings"
        />
      </div>
    </div>
    <div
      className="cell"
    >
      <div>
        <p
          className="date"
        >
          2
        </p>
        <ul
          className="showings"
        />
      </div>
    </div>
  </div>
  <div
    className="row"
  >
    <div
      className="cell"
    >
      <div>
        <p
          className="date"
        >
          3
        </p>
        <ul
          className="showings"
        />
      </div>
    </div>
    <div
      className="cell"
    >
      <div>
        <p
          className="date"
        >
          4
        </p>
        <ul
          className="showings"
        />
      </div>
    </div>
    <div
      className="cell"
    >
      <div>
        <p
          className="date"
        >
          5
        </p>
        <ul
          className="showings"
        />
      </div>
    </div>
    <div
      className="cell"
    >
      <div>
        <p
          className="date"
        >
          6
        </p>
        <ul
          className="showings"
        />
      </div>
    </div>
    <div
      className="cell"
    >
      <div>
        <p
          className="date"
        >
          7
        </p>
        <ul
          className="showings"
        />
      </div>
    </div>
    <div
      className="cell"
    >
      <div>
        <p
          className="date"
        >
          8
        </p>
        <ul
          className="showings"
        />
      </div>
    </div>
    <div
      className="cell"
    >
      <div>
        <p
          className="date"
        >
          9
        </p>
        <ul
          className="showings"
        />
      </div>
    </div>
  </div>
  <div
    className="row"
  >
    <div
      className="cell"
    >
      <div>
        <p
          className="date"
        >
          10
        </p>
        <ul
          className="showings"
        />
      </div>
    </div>
    <div
      className="cell"
    >
      <div>
        <p
          className="date"
        >
          11
        </p>
        <ul
          className="showings"
        />
      </div>
    </div>
    <div
      className="cell"
    >
      <div>
        <p
          className="date"
        >
          12
        </p>
        <ul
          className="showings"
        />
      </div>
    </div>
    <div
      className="cell"
    >
      <div>
        <p
          className="date"
        >
          13
        </p>
        <ul
          className="showings"
        />
      </div>
    </div>
    <div
      className="cell"
    >
      <div>
        <p
          className="date"
        >
          14
        </p>
        <ul
          className="showings"
        />
      </div>
    </div>
    <div
      className="cell"
    >
      <div>
        <p
          className="date"
        >
          15
        </p>
        <ul
          className="showings"
        />
      </div>
    </div>
    <div
      className="cell"
    >
      <div>
        <p
          className="date"
        >
          16
        </p>
        <ul
          className="showings"
        />
      </div>
    </div>
  </div>
  <div
    className="row"
  >
    <div
      className="cell"
    >
      <div>
        <p
          className="date"
        >
          17
        </p>
        <ul
          className="showings"
        />
      </div>
    </div>
    <div
      className="cell"
    >
      <div>
        <p
          className="date"
        >
          18
        </p>
        <ul
          className="showings"
        />
      </div>
    </div>
    <div
      className="cell"
    >
      <div>
        <p
          className="date"
        >
          19
        </p>
        <ul
          className="showings"
        />
      </div>
    </div>
    <div
      className="cell"
    >
      <div>
        <p
          className="date"
        >
          20
        </p>
        <ul
          className="showings"
        />
      </div>
    </div>
    <div
      className="cell"
    >
      <div>
        <p
          className="date"
        >
          21
        </p>
        <ul
          className="showings"
        />
      </div>
    </div>
    <div
      className="cell"
    >
      <div>
        <p
          className="date"
        >
          22
        </p>
        <ul
          className="showings"
        />
      </div>
    </div>
    <div
      className="cell"
    >
      <div>
        <p
          className="date"
        >
          23
        </p>
        <ul
          className="showings"
        />
      </div>
    </div>
  </div>
  <div
    className="row"
  >
    <div
      className="cell"
    >
      <div>
        <p
          className="date"
        >
          24
        </p>
        <ul
          className="showings"
        />
      </div>
    </div>
    <div
      className="cell"
    >
      <div>
        <p
          className="date"
        >
          25
        </p>
        <ul
          className="showings"
        />
      </div>
    </div>
    <div
      className="cell"
    >
      <div>
        <p
          className="date"
        >
          26
        </p>
        <ul
          className="showings"
        />
      </div>
    </div>
    <div
      className="cell"
    >
      <div>
        <p
          className="date"
        >
          27
        </p>
        <ul
          className="showings"
        />
      </div>
    </div>
    <div
      className="cell"
    >
      <div>
        <p
          className="date"
        >
          28
        </p>
        <ul
          className="showings"
        />
      </div>
    </div>
    <div
      className="cell"
    >
      <div>
        <p
          className="date"
        >
          29
        </p>
        <ul
          className="showings"
        />
      </div>
    </div>
    <div
      className="cell"
    >
      <div>
        <p
          className="date"
        >
          30
        </p>
        <ul
          className="showings"
        />
      </div>
    </div>
  </div>
</div>
`;

exports[`MonthView component renders correctly for 2018-10-01 1`] = `
<div
  className="month-view"
>
  <div
    className="row"
  >
    <div
      className="cell"
    >
      <div>
        <p
          className="date"
        >
          1
        </p>
        <ul
          className="showings"
        />
      </div>
    </div>
    <div
      className="cell"
    >
      <div>
        <p
          className="date"
        >
          2
        </p>
        <ul
          className="showings"
        />
      </div>
    </div>
    <div
      className="cell"
    >
      <div>
        <p
          className="date"
        >
          3
        </p>
        <ul
          className="showings"
        />
      </div>
    </div>
    <div
      className="cell"
    >
      <div>
        <p
          className="date"
        >
          4
        </p>
        <ul
          className="showings"
        />
      </div>
    </div>
    <div
      className="cell"
    >
      <div>
        <p
          className="date"
        >
          5
        </p>
        <ul
          className="showings"
        />
      </div>
    </div>
    <div
      className="cell"
    >
      <div>
        <p
          className="date"
        >
          6
        </p>
        <ul
          className="showings"
        />
      </div>
    </div>
    <div
      className="cell"
    >
      <div>
        <p
          className="date"
        >
          7
        </p>
        <ul
          className="showings"
        />
      </div>
    </div>
  </div>
  <div
    className="row"
  >
    <div
      className="cell"
    >
      <div>
        <p
          className="date"
        >
          8
        </p>
        <ul
          className="showings"
        />
      </div>
    </div>
    <div
      className="cell"
    >
      <div>
        <p
          className="date"
        >
          9
        </p>
        <ul
          className="showings"
        />
      </div>
    </div>
    <div
      className="cell"
    >
      <div>
        <p
          className="date"
        >
          10
        </p>
        <ul
          className="showings"
        />
      </div>
    </div>
    <div
      className="cell"
    >
      <div>
        <p
          className="date"
        >
          11
        </p>
        <ul
          className="showings"
        />
      </div>
    </div>
    <div
      className="cell"
    >
      <div>
        <p
          className="date"
        >
          12
        </p>
        <ul
          className="showings"
        />
      </div>
    </div>
    <div
      className="cell"
    >
      <div>
        <p
          className="date"
        >
          13
        </p>
        <ul
          className="showings"
        />
      </div>
    </div>
    <div
      className="cell"
    >
      <div>
        <p
          className="date"
        >
          14
        </p>
        <ul
          className="showings"
        />
      </div>
    </div>
  </div>
  <div
    className="row"
  >
    <div
      className="cell"
    >
      <div>
        <p
          className="date"
        >
          15
        </p>
        <ul
          className="showings"
        />
      </div>
    </div>
    <div
      className="cell"
    >
      <div>
        <p
          className="date"
        >
          16
        </p>
        <ul
          className="showings"
        />
      </div>
    </div>
    <div
      className="cell"
    >
      <div>
        <p
          className="date"
        >
          17
        </p>
        <ul
          className="showings"
        />
      </div>
    </div>
    <div
      className="cell"
    >
      <div>
        <p
          className="date"
        >
          18
        </p>
        <ul
          className="showings"
        />
      </div>
    </div>
    <div
      className="cell"
    >
      <div>
        <p
          className="date"
        >
          19
        </p>
        <ul
          className="showings"
        />
      </div>
    </div>
    <div
      className="cell"
    >
      <div>
        <p
          className="date"
        >
          20
        </p>
        <ul
          className="showings"
        />
      </div>
    </div>
    <div
      className="cell"
    >
      <div>
        <p
          className="date"
        >
          21
        </p>
        <ul
          className="showings"
        />
      </div>
    </div>
  </div>
  <div
    className="row"
  >
    <div
      className="cell"
    >
      <div>
        <p
          className="date"
        >
          22
        </p>
        <ul
          className="showings"
        />
      </div>
    </div>
    <div
      className="cell"
    >
      <div>
        <p
          className="date"
        >
          23
        </p>
        <ul
          className="showings"
        />
      </div>
    </div>
    <div
      className="cell"
    >
      <div>
        <p
          className="date"
        >
          24
        </p>
        <ul
          className="showings"
        />
      </div>
    </div>
    <div
      className="cell"
    >
      <div>
        <p
          className="date"
        >
          25
        </p>
        <ul
          className="showings"
        />
      </div>
    </div>
    <div
      className="cell"
    >
      <div>
        <p
          className="date"
        >
          26
        </p>
        <ul
          className="showings"
        />
      </div>
    </div>
    <div
      className="cell"
    >
      <div>
        <p
          className="date"
        >
          27
        </p>
        <ul
          className="showings"
        />
      </div>
    </div>
    <div
      className="cell"
    >
      <div>
        <p
          className="date"
        >
          28
        </p>
        <ul
          className="showings"
        />
      </div>
    </div>
  </div>
  <div
    className="row"
  >
    <div
      className="cell"
    >
      <div>
        <p
          className="date"
        >
          29
        </p>
        <ul
          className="showings"
        />
      </div>
    </div>
    <div
      className="cell"
    >
      <div>
        <p
          className="date"
        >
          30
        </p>
        <ul
          className="showings"
        />
      </div>
    </div>
    <div
      className="cell"
    >
      <div>
        <p
          className="date"
        >
          31
        </p>
        <ul
          className="showings"
        />
      </div>
    </div>
    <div
      className="cell notDay"
    />
    <div
      className="cell notDay"
    />
    <div
      className="cell notDay"
    />
    <div
      className="cell notDay"
    />
  </div>
</div>
`;

exports[`MonthView component renders correctly for 2018-11-01 1`] = `
<div
  className="month-view"
>
  <div
    className="row"
  >
    <div
      className="cell notDay"
    />
    <div
      className="cell notDay"
    />
    <div
      className="cell notDay"
    />
    <div
      className="cell"
    >
      <div>
        <p
          className="date"
        >
          1
        </p>
        <ul
          className="showings"
        />
      </div>
    </div>
    <div
      className="cell"
    >
      <div>
        <p
          className="date"
        >
          2
        </p>
        <ul
          className="showings"
        />
      </div>
    </div>
    <div
      className="cell"
    >
      <div>
        <p
          className="date"
        >
          3
        </p>
        <ul
          className="showings"
        />
      </div>
    </div>
    <div
      className="cell"
    >
      <div>
        <p
          className="date"
        >
          4
        </p>
        <ul
          className="showings"
        />
      </div>
    </div>
  </div>
  <div
    className="row"
  >
    <div
      className="cell"
    >
      <div>
        <p
          className="date"
        >
          5
        </p>
        <ul
          className="showings"
        />
      </div>
    </div>
    <div
      className="cell"
    >
      <div>
        <p
          className="date"
        >
          6
        </p>
        <ul
          className="showings"
        />
      </div>
    </div>
    <div
      className="cell"
    >
      <div>
        <p
          className="date"
        >
          7
        </p>
        <ul
          className="showings"
        />
      </div>
    </div>
    <div
      className="cell"
    >
      <div>
        <p
          className="date"
        >
          8
        </p>
        <ul
          className="showings"
        />
      </div>
    </div>
    <div
      className="cell"
    >
      <div>
        <p
          className="date"
        >
          9
        </p>
        <ul
          className="showings"
        />
      </div>
    </div>
    <div
      className="cell"
    >
      <div>
        <p
          className="date"
        >
          10
        </p>
        <ul
          className="showings"
        />
      </div>
    </div>
    <div
      className="cell"
    >
      <div>
        <p
          className="date"
        >
          11
        </p>
        <ul
          className="showings"
        />
      </div>
    </div>
  </div>
  <div
    className="row"
  >
    <div
      className="cell"
    >
      <div>
        <p
          className="date"
        >
          12
        </p>
        <ul
          className="showings"
        />
      </div>
    </div>
    <div
      className="cell"
    >
      <div>
        <p
          className="date"
        >
          13
        </p>
        <ul
          className="showings"
        />
      </div>
    </div>
    <div
      className="cell"
    >
      <div>
        <p
          className="date"
        >
          14
        </p>
        <ul
          className="showings"
        />
      </div>
    </div>
    <div
      className="cell"
    >
      <div>
        <p
          className="date"
        >
          15
        </p>
        <ul
          className="showings"
        />
      </div>
    </div>
    <div
      className="cell"
    >
      <div>
        <p
          className="date"
        >
          16
        </p>
        <ul
          className="showings"
        />
      </div>
    </div>
    <div
      className="cell"
    >
      <div>
        <p
          className="date"
        >
          17
        </p>
        <ul
          className="showings"
        />
      </div>
    </div>
    <div
      className="cell"
    >
      <div>
        <p
          className="date"
        >
          18
        </p>
        <ul
          className="showings"
        />
      </div>
    </div>
  </div>
  <div
    className="row"
  >
    <div
      className="cell"
    >
      <div>
        <p
          className="date"
        >
          19
        </p>
        <ul
          className="showings"
        />
      </div>
    </div>
    <div
      className="cell"
    >
      <div>
        <p
          className="date"
        >
          20
        </p>
        <ul
          className="showings"
        />
      </div>
    </div>
    <div
      className="cell"
    >
      <div>
        <p
          className="date"
        >
          21
        </p>
        <ul
          className="showings"
        />
      </div>
    </div>
    <div
      className="cell"
    >
      <div>
        <p
          className="date"
        >
          22
        </p>
        <ul
          className="showings"
        />
      </div>
    </div>
    <div
      className="cell"
    >
      <div>
        <p
          className="date"
        >
          23
        </p>
        <ul
          className="showings"
        />
      </div>
    </div>
    <div
      className="cell"
    >
      <div>
        <p
          className="date"
        >
          24
        </p>
        <ul
          className="showings"
        />
      </div>
    </div>
    <div
      className="cell"
    >
      <div>
        <p
          className="date"
        >
          25
        </p>
        <ul
          className="showings"
        />
      </div>
    </div>
  </div>
  <div
    className="row"
  >
    <div
      className="cell"
    >
      <div>
        <p
          className="date"
        >
          26
        </p>
        <ul
          className="showings"
        />
      </div>
    </div>
    <div
      className="cell"
    >
      <div>
        <p
          className="date"
        >
          27
        </p>
        <ul
          className="showings"
        />
      </div>
    </div>
    <div
      className="cell"
    >
      <div>
        <p
          className="date"
        >
          28
        </p>
        <ul
          className="showings"
        />
      </div>
    </div>
    <div
      className="cell"
    >
      <div>
        <p
          className="date"
        >
          29
        </p>
        <ul
          className="showings"
        />
      </div>
    </div>
    <div
      className="cell"
    >
      <div>
        <p
          className="date"
        >
          30
        </p>
        <ul
          className="showings"
        />
      </div>
    </div>
    <div
      className="cell notDay"
    />
    <div
      className="cell notDay"
    />
  </div>
</div>
`;

exports[`MonthView component renders correctly for 2018-12-01 1`] = `
<div
  className="month-view"
>
  <div
    className="row"
  >
    <div
      className="cell notDay"
    />
    <div
      className="cell notDay"
    />
    <div
      className="cell notDay"
    />
    <div
      className="cell notDay"
    />
    <div
      className="cell notDay"
    />
    <div
      className="cell"
    >
      <div>
        <p
          className="date"
        >
          1
        </p>
        <ul
          className="showings"
        />
      </div>
    </div>
    <div
      className="cell"
    >
      <div>
        <p
          className="date"
        >
          2
        </p>
        <ul
          className="showings"
        />
      </div>
    </div>
  </div>
  <div
    className="row"
  >
    <div
      className="cell"
    >
      <div>
        <p
          className="date"
        >
          3
        </p>
        <ul
          className="showings"
        />
      </div>
    </div>
    <div
      className="cell"
    >
      <div>
        <p
          className="date"
        >
          4
        </p>
        <ul
          className="showings"
        />
      </div>
    </div>
    <div
      className="cell"
    >
      <div>
        <p
          className="date"
        >
          5
        </p>
        <ul
          className="showings"
        />
      </div>
    </div>
    <div
      className="cell"
    >
      <div>
        <p
          className="date"
        >
          6
        </p>
        <ul
          className="showings"
        />
      </div>
    </div>
    <div
      className="cell"
    >
      <div>
        <p
          className="date"
        >
          7
        </p>
        <ul
          className="showings"
        />
      </div>
    </div>
    <div
      className="cell"
    >
      <div>
        <p
          className="date"
        >
          8
        </p>
        <ul
          className="showings"
        />
      </div>
    </div>
    <div
      className="cell"
    >
      <div>
        <p
          className="date"
        >
          9
        </p>
        <ul
          className="showings"
        />
      </div>
    </div>
  </div>
  <div
    className="row"
  >
    <div
      className="cell"
    >
      <div>
        <p
          className="date"
        >
          10
        </p>
        <ul
          className="showings"
        />
      </div>
    </div>
    <div
      className="cell"
    >
      <div>
        <p
          className="date"
        >
          11
        </p>
        <ul
          className="showings"
        />
      </div>
    </div>
    <div
      className="cell"
    >
      <div>
        <p
          className="date"
        >
          12
        </p>
        <ul
          className="showings"
        />
      </div>
    </div>
    <div
      className="cell"
    >
      <div>
        <p
          className="date"
        >
          13
        </p>
        <ul
          className="showings"
        />
      </div>
    </div>
    <div
      className="cell"
    >
      <div>
        <p
          className="date"
        >
          14
        </p>
        <ul
          className="showings"
        />
      </div>
    </div>
    <div
      className="cell"
    >
      <div>
        <p
          className="date"
        >
          15
        </p>
        <ul
          className="showings"
        />
      </div>
    </div>
    <div
      className="cell"
    >
      <div>
        <p
          className="date"
        >
          16
        </p>
        <ul
          className="showings"
        />
      </div>
    </div>
  </div>
  <div
    className="row"
  >
    <div
      className="cell"
    >
      <div>
        <p
          className="date"
        >
          17
        </p>
        <ul
          className="showings"
        />
      </div>
    </div>
    <div
      className="cell"
    >
      <div>
        <p
          className="date"
        >
          18
        </p>
        <ul
          className="showings"
        />
      </div>
    </div>
    <div
      className="cell"
    >
      <div>
        <p
          className="date"
        >
          19
        </p>
        <ul
          className="showings"
        />
      </div>
    </div>
    <div
      className="cell"
    >
      <div>
        <p
          className="date"
        >
          20
        </p>
        <ul
          className="showings"
        />
      </div>
    </div>
    <div
      className="cell"
    >
      <div>
        <p
          className="date"
        >
          21
        </p>
        <ul
          className="showings"
        />
      </div>
    </div>
    <div
      className="cell"
    >
      <div>
        <p
          className="date"
        >
          22
        </p>
        <ul
          className="showings"
        />
      </div>
    </div>
    <div
      className="cell"
    >
      <div>
        <p
          className="date"
        >
          23
        </p>
        <ul
          className="showings"
        />
      </div>
    </div>
  </div>
  <div
    className="row"
  >
    <div
      className="cell"
    >
      <div>
        <p
          className="date"
        >
          24
        </p>
        <ul
          className="showings"
        />
      </div>
    </div>
    <div
      className="cell"
    >
      <div>
        <p
          className="date"
        >
          25
        </p>
        <ul
          className="showings"
        />
      </div>
    </div>
    <div
      className="cell"
    >
      <div>
        <p
          className="date"
        >
          26
        </p>
        <ul
          className="showings"
        />
      </div>
    </div>
    <div
      className="cell"
    >
      <div>
        <p
          className="date"
        >
          27
        </p>
        <ul
          className="showings"
        />
      </div>
    </div>
    <div
      className="cell"
    >
      <div>
        <p
          className="date"
        >
          28
        </p>
        <ul
          className="showings"
        />
      </div>
    </div>
    <div
      className="cell"
    >
      <div>
        <p
          className="date"
        >
          29
        </p>
        <ul
          className="showings"
        />
      </div>
    </div>
    <div
      className="cell"
    >
      <div>
        <p
          className="date"
        >
          30
        </p>
        <ul
          className="showings"
        />
      </div>
    </div>
  </div>
  <div
    className="row"
  >
    <div
      className="cell"
    >
      <div>
        <p
          className="date"
        >
          31
        </p>
        <ul
          className="showings"
        />
      </div>
    </div>
    <div
      className="cell notDay"
    />
    <div
      className="cell notDay"
    />
    <div
      className="cell notDay"
    />
    <div
      className="cell notDay"
    />
    <div
      className="cell notDay"
    />
    <div
      className="cell notDay"
    />
  </div>
</div>
`;
